// Jest Snapshot v1, https://goo.gl/fbAQLP

exports[`HomePage should render properly 1`] = `<HomePage />`;
